🎬 [2026-02-16T12:57:01.307Z] Queue has 11 pending items, generating...
🎬 [2026-02-16T12:57:01.307Z] Generating next video from queue...
⚡ [2026-02-16T12:57:01.308Z] Running: node queue-manager.js --generate-one
⚠️ [2026-02-16T16:22:58.756Z] Queue has 0 pending items (threshold: 3)
🔍 [2026-02-16T16:22:58.756Z] Triggering product discovery...
🔍 [2026-02-16T16:22:58.756Z] Discovering new products...
⚡ [2026-02-16T16:22:58.758Z] Running: node discover-products.js --limit 5
✅ [2026-02-16T16:22:58.795Z] Product discovery completed!
🔄 [2026-02-16T16:22:58.795Z] Rebuilding queue with new products...
🔄 [2026-02-16T16:22:58.795Z] Rebuilding production queue...
⚡ [2026-02-16T16:22:58.795Z] Running: node queue-manager.js --build-queue
🎬 [2026-02-16T16:22:58.826Z] Queue has 16 pending items, generating...
🎬 [2026-02-16T16:22:58.826Z] Generating next video from queue...
⚡ [2026-02-16T16:22:58.826Z] Running: node queue-manager.js --generate-one
⚠️ [2026-02-16T21:22:58.820Z] Queue has 0 pending items (threshold: 3)
🔍 [2026-02-16T21:22:58.821Z] Triggering product discovery...
🔍 [2026-02-16T21:22:58.821Z] Discovering new products...
⚡ [2026-02-16T21:22:58.821Z] Running: node discover-products.js --limit 5
✅ [2026-02-16T21:22:59.881Z] Product discovery completed!
🔄 [2026-02-16T21:22:59.881Z] Rebuilding queue with new products...
🔄 [2026-02-16T21:22:59.882Z] Rebuilding production queue...
⚡ [2026-02-16T21:22:59.883Z] Running: node queue-manager.js --build-queue
🎬 [2026-02-16T21:22:59.971Z] Queue has 21 pending items, generating...
🎬 [2026-02-16T21:22:59.971Z] Generating next video from queue...
⚡ [2026-02-16T21:22:59.971Z] Running: node queue-manager.js --generate-one
✅ [2026-02-16T21:24:25.465Z] Video generation completed!
⚠️ [2026-02-17T01:53:24.863Z] Queue has 2 pending items (threshold: 3)
🔍 [2026-02-17T01:53:24.864Z] Triggering product discovery...
🔍 [2026-02-17T01:53:24.864Z] Discovering new products...
⚡ [2026-02-17T01:53:24.864Z] Running: node discover-products.js --limit 5
✅ [2026-02-17T01:53:30.411Z] Product discovery completed!
🔄 [2026-02-17T01:53:30.411Z] Rebuilding queue with new products...
🔄 [2026-02-17T01:53:30.411Z] Rebuilding production queue...
⚡ [2026-02-17T01:53:30.411Z] Running: node queue-manager.js --build-queue
🎬 [2026-02-17T01:53:30.486Z] Queue has 22 pending items, generating...
🎬 [2026-02-17T01:53:30.486Z] Generating next video from queue...
⚡ [2026-02-17T01:53:30.486Z] Running: node queue-manager.js --generate-one
⚠️ [2026-02-17T04:53:40.297Z] Queue has 0 pending items (threshold: 3)
🔍 [2026-02-17T04:53:40.298Z] Triggering product discovery...
🔍 [2026-02-17T04:53:40.298Z] Discovering new products...
⚡ [2026-02-17T04:53:40.298Z] Running: node discover-products.js --limit 5
✅ [2026-02-17T04:53:46.451Z] Product discovery completed!
🔄 [2026-02-17T04:53:46.451Z] Rebuilding queue with new products...
🔄 [2026-02-17T04:53:46.451Z] Rebuilding production queue...
⚡ [2026-02-17T04:53:46.451Z] Running: node queue-manager.js --build-queue
🎬 [2026-02-17T04:53:46.524Z] Queue has 22 pending items, generating...
🎬 [2026-02-17T04:53:46.524Z] Generating next video from queue...
⚡ [2026-02-17T04:53:46.524Z] Running: node queue-manager.js --generate-one
✅ [2026-02-17T04:55:07.817Z] Video generation completed!
⚠️ [2026-02-17T08:25:56.781Z] Queue has 0 pending items (threshold: 3)
🔍 [2026-02-17T08:25:56.781Z] Triggering product discovery...
🔍 [2026-02-17T08:25:56.781Z] Discovering new products...
⚡ [2026-02-17T08:25:56.782Z] Running: node discover-products.js --limit 5
✅ [2026-02-17T08:26:01.383Z] Product discovery completed!
🔄 [2026-02-17T08:26:01.383Z] Rebuilding queue with new products...
🔄 [2026-02-17T08:26:01.383Z] Rebuilding production queue...
⚡ [2026-02-17T08:26:01.383Z] Running: node queue-manager.js --build-queue
🎬 [2026-02-17T08:26:01.452Z] Queue has 22 pending items, generating...
🎬 [2026-02-17T08:26:01.452Z] Generating next video from queue...
⚡ [2026-02-17T08:26:01.452Z] Running: node queue-manager.js --generate-one
✅ [2026-02-17T08:27:15.856Z] Video generation completed!
